"GET /health HTTP/1.1" 200 -
"GET /status HTTP/1.1" 200 -
"GET /health HTTP/1.1" 200 -
"GET /status HTTP/1.1" 200 -
"GET /diagnostics HTTP/1.1" 200 -
"GET /health HTTP/1.1" 200 -
"GET /status HTTP/1.1" 200 -
"GET /status HTTP/1.1" 200 -
"GET /status HTTP/1.1" 200 -
"GET /status HTTP/1.1" 200 -
"GET /status HTTP/1.1" 200 -
"GET /status HTTP/1.1" 200 -
"GET /status HTTP/1.1" 200 -
"POST /invoke/color-transfer HTTP/1.1" 200 -
"GET /health HTTP/1.1" 200 -
"GET /status HTTP/1.1" 200 -
"GET /status HTTP/1.1" 200 -
"POST /invoke/color-transfer HTTP/1.1" 200 -
"GET /status HTTP/1.1" 200 -
"GET /health HTTP/1.1" 200 -
"GET /status HTTP/1.1" 200 -
"GET /status HTTP/1.1" 200 -
"POST /invoke/color-transfer HTTP/1.1" 500 -
"GET /diagnostics HTTP/1.1" 200 -
"GET /status HTTP/1.1" 200 -
"POST /invoke/color-transfer HTTP/1.1" 500 -
"GET /diagnostics HTTP/1.1" 200 -
"GET /status HTTP/1.1" 200 -
"POST /invoke/color-transfer HTTP/1.1" 500 -
"GET /diagnostics HTTP/1.1" 200 -
"GET /health HTTP/1.1" 200 -
"GET /status HTTP/1.1" 200 -
"GET /status HTTP/1.1" 200 -
"POST /invoke/color-transfer HTTP/1.1" 200 -
"GET /status HTTP/1.1" 200 -
"GET /status HTTP/1.1" 200 -
"GET /status HTTP/1.1" 200 -
"GET /status HTTP/1.1" 200 -
"GET /status HTTP/1.1" 200 -
"GET /health HTTP/1.1" 200 -
"GET /health HTTP/1.1" 200 -
"GET /health HTTP/1.1" 200 -
"GET /health HTTP/1.1" 200 -
"POST /invoke/color-transfer HTTP/1.1" 202 -
"POST /invoke/color-transfer HTTP/1.1" 202 -
"POST /invoke/color-transfer HTTP/1.1" 202 -
"POST /invoke/color-transfer HTTP/1.1" 202 -
"POST /invoke/color-transfer HTTP/1.1" 202 -
"POST /invoke/color-transfer HTTP/1.1" 202 -
"POST /tasks/http-stress-1782018064053-2/cancel HTTP/1.1" 200 -
"POST /tasks/http-stress-1782018064056-5/cancel HTTP/1.1" 200 -
"GET /tasks/http-stress-1782018064050-0/events?after=0&timeoutMs=1000 HTTP/1.1" 200 -
"GET /tasks/http-stress-1782018064050-0/events?after=2&timeoutMs=1000 HTTP/1.1" 200 -
"GET /tasks/http-stress-1782018064052-1/events?after=0&timeoutMs=1000 HTTP/1.1" 200 -
"GET /tasks/http-stress-1782018064052-1/events?after=11&timeoutMs=1000 HTTP/1.1" 200 -
"GET /tasks/http-stress-1782018064053-2/events?after=0&timeoutMs=1000 HTTP/1.1" 200 -
"GET /tasks/http-stress-1782018064054-3/events?after=0&timeoutMs=1000 HTTP/1.1" 200 -
"GET /tasks/http-stress-1782018064054-3/events?after=13&timeoutMs=1000 HTTP/1.1" 200 -
"GET /tasks/http-stress-1782018064055-4/events?after=0&timeoutMs=1000 HTTP/1.1" 200 -
"GET /tasks/http-stress-1782018064055-4/events?after=15&timeoutMs=1000 HTTP/1.1" 200 -
"GET /tasks/http-stress-1782018064056-5/events?after=0&timeoutMs=1000 HTTP/1.1" 200 -
"POST /invoke/color-transfer HTTP/1.1" 202 -
"GET /tasks/http-running-cancel-1782018065057 HTTP/1.1" 200 -
"POST /tasks/http-running-cancel-1782018065057/cancel HTTP/1.1" 200 -
"GET /tasks/http-running-cancel-1782018065057/events?after=0&timeoutMs=1000 HTTP/1.1" 200 -
"GET /tasks/http-running-cancel-1782018065057/events?after=19&timeoutMs=1000 HTTP/1.1" 200 -
"GET /health HTTP/1.1" 200 -
"POST /invoke/color-transfer HTTP/1.1" 202 -
"POST /invoke/color-transfer HTTP/1.1" 202 -
"POST /invoke/color-transfer HTTP/1.1" 202 -
"POST /invoke/color-transfer HTTP/1.1" 202 -
"POST /invoke/color-transfer HTTP/1.1" 202 -
"POST /invoke/color-transfer HTTP/1.1" 202 -
"POST /tasks/http-stress-1782018086322-2/cancel HTTP/1.1" 200 -
"POST /tasks/http-stress-1782018086326-5/cancel HTTP/1.1" 200 -
"GET /tasks/http-stress-1782018086320-0/events?after=0&timeoutMs=1000 HTTP/1.1" 200 -
"GET /tasks/http-stress-1782018086320-0/events?after=2&timeoutMs=1000 HTTP/1.1" 200 -
"GET /tasks/http-stress-1782018086321-1/events?after=0&timeoutMs=1000 HTTP/1.1" 200 -
"GET /tasks/http-stress-1782018086321-1/events?after=11&timeoutMs=1000 HTTP/1.1" 200 -
"GET /tasks/http-stress-1782018086322-2/events?after=0&timeoutMs=1000 HTTP/1.1" 200 -
"GET /tasks/http-stress-1782018086324-3/events?after=0&timeoutMs=1000 HTTP/1.1" 200 -
"GET /tasks/http-stress-1782018086324-3/events?after=13&timeoutMs=1000 HTTP/1.1" 200 -
"GET /tasks/http-stress-1782018086325-4/events?after=0&timeoutMs=1000 HTTP/1.1" 200 -
"GET /tasks/http-stress-1782018086325-4/events?after=15&timeoutMs=1000 HTTP/1.1" 200 -
"GET /tasks/http-stress-1782018086326-5/events?after=0&timeoutMs=1000 HTTP/1.1" 200 -
"POST /invoke/color-transfer HTTP/1.1" 202 -
"GET /tasks/http-running-cancel-1782018087329 HTTP/1.1" 200 -
"GET /tasks/http-running-cancel-1782018087329/events?after=0&timeoutMs=0 HTTP/1.1" 200 -
"POST /tasks/http-running-cancel-1782018087329/cancel HTTP/1.1" 200 -
"GET /tasks/http-running-cancel-1782018087329/events?after=18&timeoutMs=10000 HTTP/1.1" 200 -
"GET /tasks/http-running-cancel-1782018087329/events?after=0&timeoutMs=1000 HTTP/1.1" 200 -
"GET /tasks/http-running-cancel-1782018087329/events?after=19&timeoutMs=1000 HTTP/1.1" 200 -
"GET /health HTTP/1.1" 200 -
"POST /invoke/color-transfer HTTP/1.1" 202 -
"POST /invoke/color-transfer HTTP/1.1" 202 -
"POST /invoke/color-transfer HTTP/1.1" 202 -
"POST /invoke/color-transfer HTTP/1.1" 202 -
"POST /tasks/http-stress-1782018518795-1/cancel HTTP/1.1" 200 -
"POST /tasks/http-stress-1782018518797-3/cancel HTTP/1.1" 200 -
"GET /tasks/http-stress-1782018518794-0/events?after=0&timeoutMs=1000 HTTP/1.1" 200 -
"GET /tasks/http-stress-1782018518794-0/events?after=2&timeoutMs=1000 HTTP/1.1" 200 -
"GET /tasks/http-stress-1782018518795-1/events?after=0&timeoutMs=1000 HTTP/1.1" 200 -
"GET /tasks/http-stress-1782018518796-2/events?after=0&timeoutMs=1000 HTTP/1.1" 200 -
"GET /tasks/http-stress-1782018518796-2/events?after=9&timeoutMs=1000 HTTP/1.1" 200 -
"GET /tasks/http-stress-1782018518797-3/events?after=0&timeoutMs=1000 HTTP/1.1" 200 -
"POST /invoke/color-transfer HTTP/1.1" 202 -
"GET /tasks/http-running-cancel-1782018519099 HTTP/1.1" 200 -
"GET /tasks/http-running-cancel-1782018519099/events?after=0&timeoutMs=0 HTTP/1.1" 200 -
"GET /tasks/http-running-cancel-1782018519099/events?after=12&timeoutMs=10000 HTTP/1.1" 200 -
"GET /tasks/http-running-cancel-1782018519099/events?after=0&timeoutMs=1000 HTTP/1.1" 200 -
"GET /tasks/http-running-cancel-1782018519099/events?after=13&timeoutMs=1000 HTTP/1.1" 200 -
"GET /health HTTP/1.1" 200 -
"POST /invoke/color-transfer HTTP/1.1" 202 -
"POST /invoke/color-transfer HTTP/1.1" 202 -
"POST /invoke/color-transfer HTTP/1.1" 202 -
"POST /invoke/color-transfer HTTP/1.1" 202 -
"POST /tasks/http-stress-1782018817345-1/cancel HTTP/1.1" 200 -
"POST /tasks/http-stress-1782018817348-3/cancel HTTP/1.1" 200 -
"GET /tasks/http-stress-1782018817344-0/events?after=0&timeoutMs=1000 HTTP/1.1" 200 -
"GET /tasks/http-stress-1782018817344-0/events?after=2&timeoutMs=1000 HTTP/1.1" 200 -
"GET /tasks/http-stress-1782018817344-0/events?after=8&timeoutMs=1000 HTTP/1.1" 200 -
"GET /tasks/http-stress-1782018817344-0/events?after=9&timeoutMs=1000 HTTP/1.1" 200 -
"GET /tasks/http-stress-1782018817344-0/events?after=10&timeoutMs=1000 HTTP/1.1" 200 -
"GET /tasks/http-stress-1782018817344-0/events?after=11&timeoutMs=1000 HTTP/1.1" 200 -
"GET /tasks/http-stress-1782018817345-1/events?after=0&timeoutMs=1000 HTTP/1.1" 200 -
"GET /tasks/http-stress-1782018817346-2/events?after=0&timeoutMs=1000 HTTP/1.1" 200 -
"GET /tasks/http-stress-1782018817346-2/events?after=13&timeoutMs=1000 HTTP/1.1" 200 -
"GET /tasks/http-stress-1782018817346-2/events?after=14&timeoutMs=1000 HTTP/1.1" 200 -
"GET /tasks/http-stress-1782018817346-2/events?after=15&timeoutMs=1000 HTTP/1.1" 200 -
"GET /tasks/http-stress-1782018817346-2/events?after=16&timeoutMs=1000 HTTP/1.1" 200 -
"GET /tasks/http-stress-1782018817346-2/events?after=17&timeoutMs=1000 HTTP/1.1" 200 -
"GET /tasks/http-stress-1782018817348-3/events?after=0&timeoutMs=1000 HTTP/1.1" 200 -
"GET /health HTTP/1.1" 200 -
"POST /invoke/color-transfer HTTP/1.1" 202 -
"POST /invoke/color-transfer HTTP/1.1" 202 -
"POST /invoke/color-transfer HTTP/1.1" 202 -
"POST /invoke/color-transfer HTTP/1.1" 202 -
"POST /tasks/http-stress-1782018857174-1/cancel HTTP/1.1" 200 -
"POST /tasks/http-stress-1782018857175-3/cancel HTTP/1.1" 200 -
"GET /tasks/http-stress-1782018857172-0/events?after=0&timeoutMs=1000 HTTP/1.1" 200 -
"GET /tasks/http-stress-1782018857172-0/events?after=2&timeoutMs=1000 HTTP/1.1" 200 -
"GET /tasks/http-stress-1782018857172-0/events?after=8&timeoutMs=1000 HTTP/1.1" 200 -
"GET /tasks/http-stress-1782018857172-0/events?after=9&timeoutMs=1000 HTTP/1.1" 200 -
"GET /tasks/http-stress-1782018857172-0/events?after=10&timeoutMs=1000 HTTP/1.1" 200 -
"GET /tasks/http-stress-1782018857172-0/events?after=11&timeoutMs=1000 HTTP/1.1" 200 -
"GET /tasks/http-stress-1782018857174-1/events?after=0&timeoutMs=1000 HTTP/1.1" 200 -
"GET /tasks/http-stress-1782018857174-2/events?after=0&timeoutMs=1000 HTTP/1.1" 200 -
"GET /tasks/http-stress-1782018857174-2/events?after=13&timeoutMs=1000 HTTP/1.1" 200 -
"GET /tasks/http-stress-1782018857174-2/events?after=14&timeoutMs=1000 HTTP/1.1" 200 -
"GET /tasks/http-stress-1782018857174-2/events?after=15&timeoutMs=1000 HTTP/1.1" 200 -
"GET /tasks/http-stress-1782018857174-2/events?after=16&timeoutMs=1000 HTTP/1.1" 200 -
"GET /tasks/http-stress-1782018857174-2/events?after=17&timeoutMs=1000 HTTP/1.1" 200 -
"GET /tasks/http-stress-1782018857175-3/events?after=0&timeoutMs=1000 HTTP/1.1" 200 -
"POST /invoke/color-transfer HTTP/1.1" 202 -
"GET /tasks/http-running-cancel-1782018857577 HTTP/1.1" 200 -
"GET /tasks/http-running-cancel-1782018857577/events?after=0&timeoutMs=0 HTTP/1.1" 200 -
"GET /tasks/http-running-cancel-1782018857577/events?after=20&timeoutMs=10000 HTTP/1.1" 200 -
"POST /tasks/http-running-cancel-1782018857577/cancel HTTP/1.1" 200 -
"GET /tasks/http-running-cancel-1782018857577/events?after=0&timeoutMs=1000 HTTP/1.1" 200 -
"GET /tasks/http-running-cancel-1782018857577/events?after=23&timeoutMs=1000 HTTP/1.1" 200 -
"GET /health HTTP/1.1" 200 -
"POST /invoke/color-transfer HTTP/1.1" 202 -
"POST /invoke/color-transfer HTTP/1.1" 202 -
"POST /invoke/color-transfer HTTP/1.1" 202 -
"POST /invoke/color-transfer HTTP/1.1" 202 -
"POST /tasks/http-stress-1782019561091-1/cancel HTTP/1.1" 200 -
"POST /tasks/http-stress-1782019561093-3/cancel HTTP/1.1" 200 -
"GET /tasks/http-stress-1782019561090-0/events?after=0&timeoutMs=1000 HTTP/1.1" 200 -
"GET /tasks/http-stress-1782019561090-0/events?after=2&timeoutMs=1000 HTTP/1.1" 200 -
"GET /tasks/http-stress-1782019561090-0/events?after=8&timeoutMs=1000 HTTP/1.1" 200 -
"GET /tasks/http-stress-1782019561090-0/events?after=9&timeoutMs=1000 HTTP/1.1" 200 -
"GET /tasks/http-stress-1782019561090-0/events?after=10&timeoutMs=1000 HTTP/1.1" 200 -
"GET /tasks/http-stress-1782019561090-0/events?after=11&timeoutMs=1000 HTTP/1.1" 200 -
"GET /tasks/http-stress-1782019561091-1/events?after=0&timeoutMs=1000 HTTP/1.1" 200 -
"GET /tasks/http-stress-1782019561092-2/events?after=0&timeoutMs=1000 HTTP/1.1" 200 -
"GET /tasks/http-stress-1782019561092-2/events?after=13&timeoutMs=1000 HTTP/1.1" 200 -
"GET /tasks/http-stress-1782019561092-2/events?after=14&timeoutMs=1000 HTTP/1.1" 200 -
"GET /tasks/http-stress-1782019561092-2/events?after=15&timeoutMs=1000 HTTP/1.1" 200 -
"GET /tasks/http-stress-1782019561092-2/events?after=16&timeoutMs=1000 HTTP/1.1" 200 -
"GET /tasks/http-stress-1782019561092-2/events?after=17&timeoutMs=1000 HTTP/1.1" 200 -
"GET /tasks/http-stress-1782019561093-3/events?after=0&timeoutMs=1000 HTTP/1.1" 200 -
"POST /invoke/color-transfer HTTP/1.1" 202 -
"GET /tasks/http-running-cancel-1782019561494 HTTP/1.1" 200 -
"GET /tasks/http-running-cancel-1782019561494/events?after=0&timeoutMs=0 HTTP/1.1" 200 -
"GET /tasks/http-running-cancel-1782019561494/events?after=20&timeoutMs=10000 HTTP/1.1" 200 -
"POST /tasks/http-running-cancel-1782019561494/cancel HTTP/1.1" 200 -
"GET /tasks/http-running-cancel-1782019561494/events?after=0&timeoutMs=1000 HTTP/1.1" 200 -
"GET /tasks/http-running-cancel-1782019561494/events?after=23&timeoutMs=1000 HTTP/1.1" 200 -
"GET /health HTTP/1.1" 200 -
"GET /health HTTP/1.1" 200 -
"POST /invoke/color-transfer HTTP/1.1" 202 -
"POST /invoke/color-transfer HTTP/1.1" 202 -
"POST /invoke/color-transfer HTTP/1.1" 202 -
"POST /invoke/color-transfer HTTP/1.1" 202 -
"POST /invoke/color-transfer HTTP/1.1" 202 -
"POST /invoke/color-transfer HTTP/1.1" 202 -
"POST /tasks/http-stress-1782022040911-2/cancel HTTP/1.1" 200 -
"POST /tasks/http-stress-1782022040915-5/cancel HTTP/1.1" 200 -
"GET /tasks/http-stress-1782022040909-0/events?after=0&timeoutMs=1000 HTTP/1.1" 200 -
"GET /tasks/http-stress-1782022040909-0/events?after=2&timeoutMs=1000 HTTP/1.1" 200 -
"GET /tasks/http-stress-1782022040909-0/events?after=10&timeoutMs=1000 HTTP/1.1" 200 -
"GET /tasks/http-stress-1782022040909-0/events?after=11&timeoutMs=1000 HTTP/1.1" 200 -
"GET /tasks/http-stress-1782022040909-0/events?after=12&timeoutMs=1000 HTTP/1.1" 200 -
"GET /tasks/http-stress-1782022040909-0/events?after=13&timeoutMs=1000 HTTP/1.1" 200 -
"GET /tasks/http-stress-1782022040909-0/events?after=14&timeoutMs=1000 HTTP/1.1" 200 -
"GET /tasks/http-stress-1782022040910-1/events?after=0&timeoutMs=1000 HTTP/1.1" 200 -
"GET /tasks/http-stress-1782022040910-1/events?after=16&timeoutMs=1000 HTTP/1.1" 200 -
"GET /tasks/http-stress-1782022040910-1/events?after=17&timeoutMs=1000 HTTP/1.1" 200 -
"GET /tasks/http-stress-1782022040910-1/events?after=18&timeoutMs=1000 HTTP/1.1" 200 -
"GET /tasks/http-stress-1782022040910-1/events?after=19&timeoutMs=1000 HTTP/1.1" 200 -
"GET /tasks/http-stress-1782022040910-1/events?after=20&timeoutMs=1000 HTTP/1.1" 200 -
"GET /tasks/http-stress-1782022040910-1/events?after=21&timeoutMs=1000 HTTP/1.1" 200 -
"GET /tasks/http-stress-1782022040911-2/events?after=0&timeoutMs=1000 HTTP/1.1" 200 -
"GET /tasks/http-stress-1782022040912-3/events?after=0&timeoutMs=1000 HTTP/1.1" 200 -
"GET /tasks/http-stress-1782022040912-3/events?after=23&timeoutMs=1000 HTTP/1.1" 200 -
"GET /tasks/http-stress-1782022040912-3/events?after=24&timeoutMs=1000 HTTP/1.1" 200 -
"GET /tasks/http-stress-1782022040912-3/events?after=25&timeoutMs=1000 HTTP/1.1" 200 -
"GET /tasks/http-stress-1782022040912-3/events?after=26&timeoutMs=1000 HTTP/1.1" 200 -
"GET /tasks/http-stress-1782022040912-3/events?after=27&timeoutMs=1000 HTTP/1.1" 200 -
"GET /tasks/http-stress-1782022040912-3/events?after=28&timeoutMs=1000 HTTP/1.1" 200 -
"GET /tasks/http-stress-1782022040913-4/events?after=0&timeoutMs=1000 HTTP/1.1" 200 -
"GET /tasks/http-stress-1782022040913-4/events?after=30&timeoutMs=1000 HTTP/1.1" 200 -
"GET /tasks/http-stress-1782022040913-4/events?after=31&timeoutMs=1000 HTTP/1.1" 200 -
"GET /tasks/http-stress-1782022040913-4/events?after=32&timeoutMs=1000 HTTP/1.1" 200 -
"GET /tasks/http-stress-1782022040913-4/events?after=33&timeoutMs=1000 HTTP/1.1" 200 -
"GET /tasks/http-stress-1782022040913-4/events?after=34&timeoutMs=1000 HTTP/1.1" 200 -
"GET /tasks/http-stress-1782022040913-4/events?after=35&timeoutMs=1000 HTTP/1.1" 200 -
"GET /tasks/http-stress-1782022040915-5/events?after=0&timeoutMs=1000 HTTP/1.1" 200 -
"POST /invoke/color-transfer HTTP/1.1" 202 -
"GET /tasks/http-running-cancel-1782022041915 HTTP/1.1" 200 -
"GET /tasks/http-running-cancel-1782022041915/events?after=0&timeoutMs=0 HTTP/1.1" 200 -
"GET /tasks/http-running-cancel-1782022041915/events?after=38&timeoutMs=10000 HTTP/1.1" 200 -
"POST /tasks/http-running-cancel-1782022041915/cancel HTTP/1.1" 200 -
"GET /tasks/http-running-cancel-1782022041915/events?after=0&timeoutMs=1000 HTTP/1.1" 200 -
"GET /tasks/http-running-cancel-1782022041915/events?after=41&timeoutMs=1000 HTTP/1.1" 200 -
"GET /health HTTP/1.1" 200 -
"GET /status HTTP/1.1" 200 -
"POST /smoke-test HTTP/1.1" 503 -
"POST /invoke/color-transfer HTTP/1.1" 202 -
"GET /tasks/e2e-salut-color HTTP/1.1" 200 -
"GET /tasks/e2e-salut-color HTTP/1.1" 200 -
"GET /tasks/e2e-salut-color HTTP/1.1" 200 -
"GET /tasks/e2e-salut-color HTTP/1.1" 200 -
"GET /tasks/e2e-salut-color HTTP/1.1" 200 -
"GET /tasks/e2e-salut-color HTTP/1.1" 200 -
"GET /tasks/e2e-salut-color HTTP/1.1" 200 -
"POST /smoke-test HTTP/1.1" 503 -
"POST /smoke-test HTTP/1.1" 503 -
"POST /smoke-test HTTP/1.1" 200 -
"GET /health HTTP/1.1" 200 -
"GET /status HTTP/1.1" 200 -
"GET /health HTTP/1.1" 200 -
"GET /health HTTP/1.1" 200 -
"GET /health HTTP/1.1" 200 -
"GET /health HTTP/1.1" 200 -
"POST /invoke/color-transfer HTTP/1.1" 202 -
"POST /invoke/color-transfer HTTP/1.1" 202 -
"POST /invoke/color-transfer HTTP/1.1" 202 -
"POST /invoke/color-transfer HTTP/1.1" 202 -
"POST /tasks/http-stress-1782820150033-1/cancel HTTP/1.1" 200 -
"POST /tasks/http-stress-1782820150035-3/cancel HTTP/1.1" 200 -
"GET /tasks/http-stress-1782820150032-0/events?after=0&timeoutMs=1000 HTTP/1.1" 200 -
"GET /tasks/http-stress-1782820150032-0/events?after=2&timeoutMs=1000 HTTP/1.1" 200 -
"GET /tasks/http-stress-1782820150032-0/events?after=8&timeoutMs=1000 HTTP/1.1" 200 -
"GET /tasks/http-stress-1782820150032-0/events?after=9&timeoutMs=1000 HTTP/1.1" 200 -
"GET /tasks/http-stress-1782820150032-0/events?after=10&timeoutMs=1000 HTTP/1.1" 200 -
"GET /tasks/http-stress-1782820150033-1/events?after=0&timeoutMs=1000 HTTP/1.1" 200 -
"GET /tasks/http-stress-1782820150034-2/events?after=0&timeoutMs=1000 HTTP/1.1" 200 -
"GET /tasks/http-stress-1782820150034-2/events?after=12&timeoutMs=1000 HTTP/1.1" 200 -
"GET /tasks/http-stress-1782820150034-2/events?after=13&timeoutMs=1000 HTTP/1.1" 200 -
"GET /tasks/http-stress-1782820150034-2/events?after=14&timeoutMs=1000 HTTP/1.1" 200 -
"GET /tasks/http-stress-1782820150034-2/events?after=15&timeoutMs=1000 HTTP/1.1" 200 -
"GET /tasks/http-stress-1782820150035-3/events?after=0&timeoutMs=1000 HTTP/1.1" 200 -
"POST /invoke/color-transfer HTTP/1.1" 202 -
"GET /tasks/http-running-cancel-1782820150355 HTTP/1.1" 200 -
"GET /tasks/http-running-cancel-1782820150355/events?after=0&timeoutMs=0 HTTP/1.1" 200 -
"GET /tasks/http-running-cancel-1782820150355/events?after=18&timeoutMs=10000 HTTP/1.1" 200 -
"POST /tasks/http-running-cancel-1782820150355/cancel HTTP/1.1" 200 -
"GET /tasks/http-running-cancel-1782820150355/events?after=0&timeoutMs=1000 HTTP/1.1" 200 -
"GET /tasks/http-running-cancel-1782820150355/events?after=21&timeoutMs=1000 HTTP/1.1" 200 -
"GET /health HTTP/1.1" 200 -
"GET /status HTTP/1.1" 200 -
"POST /smoke-test HTTP/1.1" 503 -
"GET /status HTTP/1.1" 200 -
"GET /status HTTP/1.1" 200 -
"GET /status HTTP/1.1" 200 -
"GET /status HTTP/1.1" 200 -
"GET /status HTTP/1.1" 200 -
"GET /health HTTP/1.1" 200 -
"GET /health HTTP/1.1" 200 -
"GET /health HTTP/1.1" 200 -
"GET /status HTTP/1.1" 200 -
"POST /smoke-test HTTP/1.1" 200 -
"GET /status HTTP/1.1" 200 -
"GET /status HTTP/1.1" 200 -
"GET /status HTTP/1.1" 200 -
"POST /invoke/color-transfer HTTP/1.1" 202 -
"GET /tasks/cb54e834-f0a3-480c-aa2a-0b76ee36172d/events?after=0&timeoutMs=25000 HTTP/1.1" 200 -
"GET /tasks/cb54e834-f0a3-480c-aa2a-0b76ee36172d/events?after=0&timeoutMs=0 HTTP/1.1" 200 -
"GET /tasks/cb54e834-f0a3-480c-aa2a-0b76ee36172d/events?after=4&timeoutMs=25000 HTTP/1.1" 200 -
"GET /tasks/cb54e834-f0a3-480c-aa2a-0b76ee36172d/events?after=0&timeoutMs=0 HTTP/1.1" 200 -
"GET /tasks/cb54e834-f0a3-480c-aa2a-0b76ee36172d/events?after=0&timeoutMs=0 HTTP/1.1" 200 -
"GET /tasks/cb54e834-f0a3-480c-aa2a-0b76ee36172d/events?after=7&timeoutMs=25000 HTTP/1.1" 200 -
"GET /tasks/cb54e834-f0a3-480c-aa2a-0b76ee36172d/events?after=0&timeoutMs=0 HTTP/1.1" 200 -
"GET /tasks/cb54e834-f0a3-480c-aa2a-0b76ee36172d/events?after=9&timeoutMs=25000 HTTP/1.1" 200 -
"GET /status HTTP/1.1" 200 -
"GET /status HTTP/1.1" 200 -
"GET /status HTTP/1.1" 200 -
"GET /health HTTP/1.1" 200 -
"GET /status HTTP/1.1" 200 -
"GET /status HTTP/1.1" 200 -
"GET /status HTTP/1.1" 200 -
