"POST /invoke/denoise HTTP/1.1" 202 -
"GET /status HTTP/1.1" 200 -
"GET /tasks/mock-nafnet-1/events?after=0&timeoutMs=1000 HTTP/1.1" 200 -
"GET /tasks/mock-nafnet-1 HTTP/1.1" 200 -
"POST /invoke/denoise HTTP/1.1" 202 -
"GET /tasks/real-nafnet-denoise-1 HTTP/1.1" 200 -
"GET /health HTTP/1.1" 200 -
"GET /health HTTP/1.1" 200 -
"GET /health HTTP/1.1" 200 -
"GET /health HTTP/1.1" 200 -
"POST /invoke/denoise HTTP/1.1" 202 -
"POST /invoke/denoise HTTP/1.1" 202 -
"POST /invoke/denoise HTTP/1.1" 202 -
"POST /invoke/denoise HTTP/1.1" 202 -
"POST /tasks/nafnet-http-stress-1782128599136-1/cancel HTTP/1.1" 200 -
"POST /tasks/nafnet-http-stress-1782128599153-3/cancel HTTP/1.1" 200 -
"GET /tasks/nafnet-http-stress-1782128599134-0/events?after=0&timeoutMs=1000 HTTP/1.1" 200 -
"GET /tasks/nafnet-http-stress-1782128599134-0/events?after=2&timeoutMs=1000 HTTP/1.1" 200 -
"GET /tasks/nafnet-http-stress-1782128599134-0/events?after=8&timeoutMs=1000 HTTP/1.1" 200 -
"GET /tasks/nafnet-http-stress-1782128599134-0/events?after=9&timeoutMs=1000 HTTP/1.1" 200 -
"GET /tasks/nafnet-http-stress-1782128599136-1/events?after=0&timeoutMs=1000 HTTP/1.1" 200 -
"GET /tasks/nafnet-http-stress-1782128599137-2/events?after=0&timeoutMs=1000 HTTP/1.1" 200 -
"GET /tasks/nafnet-http-stress-1782128599137-2/events?after=12&timeoutMs=1000 HTTP/1.1" 200 -
"GET /tasks/nafnet-http-stress-1782128599137-2/events?after=13&timeoutMs=1000 HTTP/1.1" 200 -
"GET /tasks/nafnet-http-stress-1782128599137-2/events?after=14&timeoutMs=1000 HTTP/1.1" 200 -
"GET /tasks/nafnet-http-stress-1782128599137-2/events?after=15&timeoutMs=1000 HTTP/1.1" 200 -
"GET /tasks/nafnet-http-stress-1782128599153-3/events?after=0&timeoutMs=1000 HTTP/1.1" 200 -
"POST /invoke/denoise HTTP/1.1" 202 -
"GET /tasks/nafnet-http-running-cancel-1782128599389 HTTP/1.1" 200 -
"GET /tasks/nafnet-http-running-cancel-1782128599389/events?after=0&timeoutMs=0 HTTP/1.1" 200 -
"GET /tasks/nafnet-http-running-cancel-1782128599389/events?after=18&timeoutMs=10000 HTTP/1.1" 200 -
"POST /tasks/nafnet-http-running-cancel-1782128599389/cancel HTTP/1.1" 200 -
"GET /tasks/nafnet-http-running-cancel-1782128599389/events?after=0&timeoutMs=1000 HTTP/1.1" 200 -
"GET /tasks/nafnet-http-running-cancel-1782128599389/events?after=21&timeoutMs=1000 HTTP/1.1" 200 -
"GET /health HTTP/1.1" 200 -
"POST /invoke/denoise HTTP/1.1" 202 -
"POST /invoke/denoise HTTP/1.1" 202 -
"POST /invoke/denoise HTTP/1.1" 202 -
"POST /invoke/denoise HTTP/1.1" 202 -
"POST /tasks/nafnet-http-stress-1782128725979-1/cancel HTTP/1.1" 200 -
"POST /tasks/nafnet-http-stress-1782128726020-3/cancel HTTP/1.1" 200 -
"GET /tasks/nafnet-http-stress-1782128725977-0/events?after=0&timeoutMs=1000 HTTP/1.1" 200 -
"GET /tasks/nafnet-http-stress-1782128725977-0/events?after=6&timeoutMs=1000 HTTP/1.1" 200 -
"GET /tasks/nafnet-http-stress-1782128725977-0/events?after=9&timeoutMs=1000 HTTP/1.1" 200 -
"GET /tasks/nafnet-http-stress-1782128725977-0/events?after=10&timeoutMs=1000 HTTP/1.1" 200 -
"GET /tasks/nafnet-http-stress-1782128725979-1/events?after=0&timeoutMs=1000 HTTP/1.1" 200 -
"GET /tasks/nafnet-http-stress-1782128726004-2/events?after=0&timeoutMs=1000 HTTP/1.1" 200 -
"GET /tasks/nafnet-http-stress-1782128726004-2/events?after=12&timeoutMs=1000 HTTP/1.1" 200 -
"GET /tasks/nafnet-http-stress-1782128726004-2/events?after=13&timeoutMs=1000 HTTP/1.1" 200 -
"GET /tasks/nafnet-http-stress-1782128726004-2/events?after=14&timeoutMs=1000 HTTP/1.1" 200 -
"GET /tasks/nafnet-http-stress-1782128726004-2/events?after=15&timeoutMs=1000 HTTP/1.1" 200 -
"GET /tasks/nafnet-http-stress-1782128726020-3/events?after=0&timeoutMs=1000 HTTP/1.1" 200 -
"POST /invoke/denoise HTTP/1.1" 202 -
"GET /tasks/nafnet-http-running-cancel-1782128726225 HTTP/1.1" 200 -
"GET /tasks/nafnet-http-running-cancel-1782128726225/events?after=0&timeoutMs=0 HTTP/1.1" 200 -
"GET /tasks/nafnet-http-running-cancel-1782128726225/events?after=18&timeoutMs=10000 HTTP/1.1" 200 -
"POST /tasks/nafnet-http-running-cancel-1782128726225/cancel HTTP/1.1" 200 -
"GET /tasks/nafnet-http-running-cancel-1782128726225/events?after=0&timeoutMs=1000 HTTP/1.1" 200 -
"GET /tasks/nafnet-http-running-cancel-1782128726225/events?after=21&timeoutMs=1000 HTTP/1.1" 200 -
"GET /health HTTP/1.1" 200 -
"GET /status HTTP/1.1" 200 -
"POST /smoke-test HTTP/1.1" 200 -
"GET /status HTTP/1.1" 200 -
"POST /invoke/denoise HTTP/1.1" 202 -
"GET /tasks/ea100d54-3096-4570-8656-59a474ea9b41/events?after=0&timeoutMs=25000 HTTP/1.1" 200 -
"GET /tasks/ea100d54-3096-4570-8656-59a474ea9b41/events?after=3&timeoutMs=25000 HTTP/1.1" 200 -
"GET /tasks/ea100d54-3096-4570-8656-59a474ea9b41/events?after=4&timeoutMs=25000 HTTP/1.1" 200 -
"POST /invoke/deblur HTTP/1.1" 202 -
"GET /tasks/ui-verify-deblur-001/events?after=0&timeoutMs=25000 HTTP/1.1" 200 -
"POST /invoke/jpeg-artifact-removal HTTP/1.1" 202 -
"GET /tasks/ui-verify-jpeg-001/events?after=0&timeoutMs=25000 HTTP/1.1" 200 -
"GET /tasks/ui-verify-deblur-001/events?after=0&timeoutMs=0 HTTP/1.1" 200 -
"GET /tasks/ui-verify-deblur-001/events?after=9&timeoutMs=25000 HTTP/1.1" 200 -
"GET /tasks/ui-verify-deblur-001/events?after=0&timeoutMs=0 HTTP/1.1" 200 -
"GET /tasks/ui-verify-jpeg-001/events?after=11&timeoutMs=25000 HTTP/1.1" 200 -
"GET /tasks/ui-verify-deblur-001/events?after=10&timeoutMs=25000 HTTP/1.1" 200 -
"GET /tasks/ui-verify-jpeg-001/events?after=0&timeoutMs=0 HTTP/1.1" 200 -
"GET /tasks/ui-verify-jpeg-001/events?after=14&timeoutMs=25000 HTTP/1.1" 200 -
"POST /invoke/denoise HTTP/1.1" 202 -
"GET /tasks/ui-verify-cancel-001/events?after=0&timeoutMs=25000 HTTP/1.1" 200 -
"POST /tasks/ui-verify-cancel-001/cancel HTTP/1.1" 200 -
"GET /tasks/ui-verify-cancel-001/events?after=21&timeoutMs=25000 HTTP/1.1" 200 -
"POST /invoke/denoise HTTP/1.1" 202 -
"GET /tasks/ui-verify-async-return-001/events?after=0&timeoutMs=25000 HTTP/1.1" 200 -
"GET /tasks/ui-verify-async-return-001/events?after=27&timeoutMs=25000 HTTP/1.1" 200 -
"POST /invoke/denoise HTTP/1.1" 202 -
"GET /tasks/ui-verify-async-cancel-001/events?after=0&timeoutMs=25000 HTTP/1.1" 200 -
"POST /tasks/ui-verify-async-cancel-001/cancel HTTP/1.1" 200 -
"GET /tasks/ui-verify-async-cancel-001/events?after=33&timeoutMs=25000 HTTP/1.1" 200 -
"GET /status HTTP/1.1" 200 -
"GET /status HTTP/1.1" 200 -
"POST /invoke/denoise HTTP/1.1" 202 -
"GET /tasks/ui-dialog-state-verify-001/events?after=0&timeoutMs=25000 HTTP/1.1" 200 -
"GET /tasks/ui-dialog-state-verify-001/events?after=0&timeoutMs=0 HTTP/1.1" 200 -
"GET /tasks/ui-dialog-state-verify-001/events?after=0&timeoutMs=0 HTTP/1.1" 200 -
"GET /tasks/ui-dialog-state-verify-001/events?after=39&timeoutMs=25000 HTTP/1.1" 200 -
"GET /status HTTP/1.1" 200 -
"GET /status HTTP/1.1" 200 -
"GET /status HTTP/1.1" 200 -
"GET /health HTTP/1.1" 200 -
"GET /status HTTP/1.1" 200 -
"GET /status HTTP/1.1" 200 -
"POST /invoke/denoise HTTP/1.1" 202 -
"GET /tasks/f8020e90-dbd8-40c0-b984-389aa606cea9/events?after=0&timeoutMs=25000 HTTP/1.1" 200 -
"GET /tasks/f8020e90-dbd8-40c0-b984-389aa606cea9/events?after=0&timeoutMs=0 HTTP/1.1" 200 -
"GET /tasks/f8020e90-dbd8-40c0-b984-389aa606cea9/events?after=3&timeoutMs=25000 HTTP/1.1" 200 -
"GET /tasks/f8020e90-dbd8-40c0-b984-389aa606cea9/events?after=0&timeoutMs=0 HTTP/1.1" 200 -
"GET /tasks/f8020e90-dbd8-40c0-b984-389aa606cea9/events?after=0&timeoutMs=0 HTTP/1.1" 200 -
"GET /tasks/f8020e90-dbd8-40c0-b984-389aa606cea9/events?after=0&timeoutMs=0 HTTP/1.1" 200 -
"GET /tasks/f8020e90-dbd8-40c0-b984-389aa606cea9/events?after=0&timeoutMs=0 HTTP/1.1" 200 -
"GET /tasks/f8020e90-dbd8-40c0-b984-389aa606cea9/events?after=0&timeoutMs=0 HTTP/1.1" 200 -
"GET /tasks/f8020e90-dbd8-40c0-b984-389aa606cea9/events?after=0&timeoutMs=0 HTTP/1.1" 200 -
"GET /tasks/f8020e90-dbd8-40c0-b984-389aa606cea9/events?after=0&timeoutMs=0 HTTP/1.1" 200 -
"GET /tasks/f8020e90-dbd8-40c0-b984-389aa606cea9/events?after=0&timeoutMs=0 HTTP/1.1" 200 -
"GET /tasks/f8020e90-dbd8-40c0-b984-389aa606cea9/events?after=0&timeoutMs=0 HTTP/1.1" 200 -
"GET /tasks/f8020e90-dbd8-40c0-b984-389aa606cea9/events?after=0&timeoutMs=0 HTTP/1.1" 200 -
"GET /tasks/f8020e90-dbd8-40c0-b984-389aa606cea9/events?after=0&timeoutMs=0 HTTP/1.1" 200 -
"GET /tasks/f8020e90-dbd8-40c0-b984-389aa606cea9/events?after=0&timeoutMs=0 HTTP/1.1" 200 -
"GET /tasks/f8020e90-dbd8-40c0-b984-389aa606cea9/events?after=0&timeoutMs=0 HTTP/1.1" 200 -
"GET /tasks/f8020e90-dbd8-40c0-b984-389aa606cea9/events?after=0&timeoutMs=0 HTTP/1.1" 200 -
"GET /tasks/f8020e90-dbd8-40c0-b984-389aa606cea9/events?after=0&timeoutMs=0 HTTP/1.1" 200 -
"GET /tasks/f8020e90-dbd8-40c0-b984-389aa606cea9/events?after=0&timeoutMs=0 HTTP/1.1" 200 -
"GET /tasks/f8020e90-dbd8-40c0-b984-389aa606cea9/events?after=0&timeoutMs=0 HTTP/1.1" 200 -
"GET /tasks/f8020e90-dbd8-40c0-b984-389aa606cea9/events?after=0&timeoutMs=0 HTTP/1.1" 200 -
"GET /tasks/f8020e90-dbd8-40c0-b984-389aa606cea9/events?after=0&timeoutMs=0 HTTP/1.1" 200 -
"GET /tasks/f8020e90-dbd8-40c0-b984-389aa606cea9/events?after=4&timeoutMs=25000 HTTP/1.1" 200 -
"GET /tasks/f8020e90-dbd8-40c0-b984-389aa606cea9/events?after=0&timeoutMs=0 HTTP/1.1" 200 -
"GET /tasks/f8020e90-dbd8-40c0-b984-389aa606cea9/events?after=5&timeoutMs=25000 HTTP/1.1" 200 -
"GET /status HTTP/1.1" 200 -
"GET /tasks/f8020e90-dbd8-40c0-b984-389aa606cea9 HTTP/1.1" 200 -
"GET /health HTTP/1.1" 200 -
"GET /status HTTP/1.1" 200 -
"POST /smoke-test HTTP/1.1" 200 -
"POST /invoke/denoise HTTP/1.1" 202 -
"GET /tasks/e2e-nafnet-denoise HTTP/1.1" 200 -
"GET /tasks/e2e-nafnet-denoise HTTP/1.1" 200 -
"POST /invoke/denoise HTTP/1.1" 202 -
"POST /tasks/e2e-nafnet-cancel/cancel HTTP/1.1" 200 -
"GET /tasks/e2e-nafnet-cancel HTTP/1.1" 200 -
"GET /tasks/e2e-nafnet-cancel HTTP/1.1" 200 -
"POST /invoke/denoise HTTP/1.1" 202 -
"GET /tasks/e2e-nafnet-invalid-input HTTP/1.1" 200 -
"GET /status HTTP/1.1" 200 -
"GET /status HTTP/1.1" 200 -
"GET /status HTTP/1.1" 200 -
"GET /status HTTP/1.1" 200 -
"GET /status HTTP/1.1" 200 -
"GET /status HTTP/1.1" 200 -
"GET /status HTTP/1.1" 200 -
"GET /status HTTP/1.1" 200 -
"GET /status HTTP/1.1" 200 -
"GET /status HTTP/1.1" 200 -
"GET /status HTTP/1.1" 200 -
"GET /status HTTP/1.1" 200 -
"GET /status HTTP/1.1" 200 -
"GET /status HTTP/1.1" 200 -
"GET /status HTTP/1.1" 200 -
"GET /status HTTP/1.1" 200 -
"GET /status HTTP/1.1" 200 -
"GET /status HTTP/1.1" 200 -
"GET /status HTTP/1.1" 200 -
"GET /status HTTP/1.1" 200 -
"GET /status HTTP/1.1" 200 -
"GET /status HTTP/1.1" 200 -
"GET /status HTTP/1.1" 200 -
"GET /status HTTP/1.1" 200 -
"GET /status HTTP/1.1" 200 -
"GET /status HTTP/1.1" 200 -
"GET /status HTTP/1.1" 200 -
"GET /status HTTP/1.1" 200 -
"GET /status HTTP/1.1" 200 -
"GET /status HTTP/1.1" 200 -
"GET /status HTTP/1.1" 200 -
"GET /status HTTP/1.1" 200 -
"GET /status HTTP/1.1" 200 -
"GET /status HTTP/1.1" 200 -
"GET /status HTTP/1.1" 200 -
"GET /status HTTP/1.1" 200 -
"GET /status HTTP/1.1" 200 -
"GET /status HTTP/1.1" 200 -
"GET /status HTTP/1.1" 200 -
"GET /status HTTP/1.1" 200 -
"GET /status HTTP/1.1" 200 -
"GET /status HTTP/1.1" 200 -
"GET /status HTTP/1.1" 200 -
"GET /status HTTP/1.1" 200 -
"GET /status HTTP/1.1" 200 -
"GET /status HTTP/1.1" 200 -
"GET /status HTTP/1.1" 200 -
"GET /status HTTP/1.1" 200 -
"GET /status HTTP/1.1" 200 -
"GET /status HTTP/1.1" 200 -
"GET /status HTTP/1.1" 200 -
"GET /status HTTP/1.1" 200 -
"GET /status HTTP/1.1" 200 -
"GET /status HTTP/1.1" 200 -
"GET /status HTTP/1.1" 200 -
"GET /status HTTP/1.1" 200 -
"GET /diagnostics HTTP/1.1" 200 -
"GET /status HTTP/1.1" 200 -
"GET /diagnostics HTTP/1.1" 200 -
"GET /status HTTP/1.1" 200 -
"GET /diagnostics HTTP/1.1" 200 -
"GET /status HTTP/1.1" 200 -
"GET /diagnostics HTTP/1.1" 200 -
"GET /status HTTP/1.1" 200 -
"GET /status HTTP/1.1" 200 -
"GET /diagnostics HTTP/1.1" 200 -
"GET /status HTTP/1.1" 200 -
"POST /invoke/denoise HTTP/1.1" 202 -
"GET /tasks/ebf5f2a3-80b5-46ce-9319-4a4aaff95f8f/events?after=0&timeoutMs=25000 HTTP/1.1" 200 -
"GET /tasks/ebf5f2a3-80b5-46ce-9319-4a4aaff95f8f/events?after=0&timeoutMs=0 HTTP/1.1" 200 -
"GET /tasks/ebf5f2a3-80b5-46ce-9319-4a4aaff95f8f/events?after=9&timeoutMs=25000 HTTP/1.1" 200 -
"GET /tasks/ebf5f2a3-80b5-46ce-9319-4a4aaff95f8f/events?after=0&timeoutMs=0 HTTP/1.1" 200 -
"GET /tasks/ebf5f2a3-80b5-46ce-9319-4a4aaff95f8f/events?after=0&timeoutMs=0 HTTP/1.1" 200 -
"GET /tasks/ebf5f2a3-80b5-46ce-9319-4a4aaff95f8f/events?after=0&timeoutMs=0 HTTP/1.1" 200 -
"GET /tasks/ebf5f2a3-80b5-46ce-9319-4a4aaff95f8f/events?after=0&timeoutMs=0 HTTP/1.1" 200 -
"GET /tasks/ebf5f2a3-80b5-46ce-9319-4a4aaff95f8f/events?after=0&timeoutMs=0 HTTP/1.1" 200 -
"GET /tasks/ebf5f2a3-80b5-46ce-9319-4a4aaff95f8f/events?after=0&timeoutMs=0 HTTP/1.1" 200 -
"GET /tasks/ebf5f2a3-80b5-46ce-9319-4a4aaff95f8f/events?after=0&timeoutMs=0 HTTP/1.1" 200 -
"GET /tasks/ebf5f2a3-80b5-46ce-9319-4a4aaff95f8f/events?after=0&timeoutMs=0 HTTP/1.1" 200 -
"GET /tasks/ebf5f2a3-80b5-46ce-9319-4a4aaff95f8f/events?after=0&timeoutMs=0 HTTP/1.1" 200 -
"GET /tasks/ebf5f2a3-80b5-46ce-9319-4a4aaff95f8f/events?after=0&timeoutMs=0 HTTP/1.1" 200 -
"GET /tasks/ebf5f2a3-80b5-46ce-9319-4a4aaff95f8f/events?after=0&timeoutMs=0 HTTP/1.1" 200 -
"GET /tasks/ebf5f2a3-80b5-46ce-9319-4a4aaff95f8f/events?after=0&timeoutMs=0 HTTP/1.1" 200 -
"GET /tasks/ebf5f2a3-80b5-46ce-9319-4a4aaff95f8f/events?after=0&timeoutMs=0 HTTP/1.1" 200 -
"GET /tasks/ebf5f2a3-80b5-46ce-9319-4a4aaff95f8f/events?after=0&timeoutMs=0 HTTP/1.1" 200 -
"GET /tasks/ebf5f2a3-80b5-46ce-9319-4a4aaff95f8f/events?after=0&timeoutMs=0 HTTP/1.1" 200 -
"GET /tasks/ebf5f2a3-80b5-46ce-9319-4a4aaff95f8f/events?after=0&timeoutMs=0 HTTP/1.1" 200 -
"GET /tasks/ebf5f2a3-80b5-46ce-9319-4a4aaff95f8f/events?after=0&timeoutMs=0 HTTP/1.1" 200 -
"GET /tasks/ebf5f2a3-80b5-46ce-9319-4a4aaff95f8f/events?after=0&timeoutMs=0 HTTP/1.1" 200 -
"GET /tasks/ebf5f2a3-80b5-46ce-9319-4a4aaff95f8f/events?after=0&timeoutMs=0 HTTP/1.1" 200 -
"GET /tasks/ebf5f2a3-80b5-46ce-9319-4a4aaff95f8f/events?after=0&timeoutMs=0 HTTP/1.1" 200 -
"GET /tasks/ebf5f2a3-80b5-46ce-9319-4a4aaff95f8f/events?after=10&timeoutMs=25000 HTTP/1.1" 200 -
"GET /tasks/ebf5f2a3-80b5-46ce-9319-4a4aaff95f8f/events?after=0&timeoutMs=0 HTTP/1.1" 200 -
"GET /tasks/ebf5f2a3-80b5-46ce-9319-4a4aaff95f8f/events?after=11&timeoutMs=25000 HTTP/1.1" 200 -
"GET /status HTTP/1.1" 200 -
"GET /status HTTP/1.1" 200 -
"GET /status HTTP/1.1" 200 -
"GET /status HTTP/1.1" 200 -
"GET /status HTTP/1.1" 200 -
"GET /status HTTP/1.1" 200 -
"GET /status HTTP/1.1" 200 -
"GET /status HTTP/1.1" 200 -
"GET /status HTTP/1.1" 200 -
"GET /status HTTP/1.1" 200 -
"GET /status HTTP/1.1" 200 -
"GET /status HTTP/1.1" 200 -
"GET /status HTTP/1.1" 200 -
"GET /status HTTP/1.1" 200 -
"GET /status HTTP/1.1" 200 -
"GET /status HTTP/1.1" 200 -
"GET /status HTTP/1.1" 200 -
"GET /status HTTP/1.1" 200 -
"GET /status HTTP/1.1" 200 -
"GET /status HTTP/1.1" 200 -
"GET /status HTTP/1.1" 200 -
"GET /status HTTP/1.1" 200 -
"GET /status HTTP/1.1" 200 -
"GET /status HTTP/1.1" 200 -
"GET /status HTTP/1.1" 200 -
"GET /status HTTP/1.1" 200 -
"GET /status HTTP/1.1" 200 -
"GET /status HTTP/1.1" 200 -
"GET /status HTTP/1.1" 200 -
"GET /status HTTP/1.1" 200 -
"GET /status HTTP/1.1" 200 -
"GET /status HTTP/1.1" 200 -
"GET /status HTTP/1.1" 200 -
"GET /health HTTP/1.1" 200 -
"POST /invoke/denoise HTTP/1.1" 202 -
"POST /invoke/denoise HTTP/1.1" 202 -
"POST /invoke/denoise HTTP/1.1" 202 -
"POST /tasks/nafnet-http-stress-1782820152290-2/cancel HTTP/1.1" 200 -
"GET /tasks/nafnet-http-stress-1782820152288-0/events?after=0&timeoutMs=1000 HTTP/1.1" 200 -
"GET /tasks/nafnet-http-stress-1782820152288-0/events?after=2&timeoutMs=1000 HTTP/1.1" 200 -
"GET /tasks/nafnet-http-stress-1782820152288-0/events?after=6&timeoutMs=1000 HTTP/1.1" 200 -
"GET /tasks/nafnet-http-stress-1782820152288-0/events?after=7&timeoutMs=1000 HTTP/1.1" 200 -
"GET /tasks/nafnet-http-stress-1782820152289-1/events?after=0&timeoutMs=1000 HTTP/1.1" 200 -
"GET /tasks/nafnet-http-stress-1782820152289-1/events?after=9&timeoutMs=1000 HTTP/1.1" 200 -
"GET /tasks/nafnet-http-stress-1782820152289-1/events?after=10&timeoutMs=1000 HTTP/1.1" 200 -
"GET /tasks/nafnet-http-stress-1782820152289-1/events?after=11&timeoutMs=1000 HTTP/1.1" 200 -
"GET /tasks/nafnet-http-stress-1782820152290-2/events?after=0&timeoutMs=1000 HTTP/1.1" 200 -
"POST /invoke/denoise HTTP/1.1" 202 -
"GET /tasks/nafnet-http-running-cancel-1782820152515 HTTP/1.1" 200 -
"GET /tasks/nafnet-http-running-cancel-1782820152515/events?after=0&timeoutMs=0 HTTP/1.1" 200 -
"GET /tasks/nafnet-http-running-cancel-1782820152515/events?after=14&timeoutMs=10000 HTTP/1.1" 200 -
"POST /tasks/nafnet-http-running-cancel-1782820152515/cancel HTTP/1.1" 200 -
"GET /tasks/nafnet-http-running-cancel-1782820152515/events?after=0&timeoutMs=1000 HTTP/1.1" 200 -
"GET /tasks/nafnet-http-running-cancel-1782820152515/events?after=17&timeoutMs=1000 HTTP/1.1" 200 -
"GET /status HTTP/1.1" 200 -
"GET /status HTTP/1.1" 200 -
"GET /health HTTP/1.1" 200 -
"GET /status HTTP/1.1" 200 -
"GET /status HTTP/1.1" 200 -
"GET /status HTTP/1.1" 200 -
"GET /status HTTP/1.1" 200 -
"GET /status HTTP/1.1" 200 -
"GET /status HTTP/1.1" 200 -
"GET /status HTTP/1.1" 200 -
"GET /status HTTP/1.1" 200 -
"GET /status HTTP/1.1" 200 -
"GET /status HTTP/1.1" 200 -
"GET /status HTTP/1.1" 200 -
"GET /status HTTP/1.1" 200 -
"GET /status HTTP/1.1" 200 -
"GET /status HTTP/1.1" 200 -
